Archive member included to satisfy reference by file (symbol)

c:/program files/microchip/xc8/v2.36/avr/bin/../lib/gcc/avr/5.4.0/avr5/memx-const\libgcc.a(_copy_data.o)
                              main.o (__do_clear_bss)
c:/program files/microchip/xc8/v2.36/avr/bin/../lib/gcc/avr/5.4.0/avr5/memx-const\libgcc.a(_umulhisi3.o)
                              UART.o (__umulhisi3)
c:/program files/microchip/xc8/v2.36/avr/bin/../lib/gcc/avr/5.4.0/../../../../avr/lib/avr5/memx-const\libc.a(exit.o)
                              C:/Program Files (x86)/Atmel/Studio/7.0/Packs/Atmel/ATmega_DFP/2.1.506/xc8/avr/lib/avr5/memx-const/crtatmega328p.o (exit)
c:/program files/microchip/xc8/v2.36/avr/bin/../lib/gcc/avr/5.4.0/../../../../avr/lib/avr5/memx-const\libc.a(memcmp.o)
                              EEPROM.o (memcmp)
c:/program files/microchip/xc8/v2.36/avr/bin/../lib/gcc/avr/5.4.0/../../../../avr/lib/avr5/memx-const\libc.a(_Exit.o)
                              c:/program files/microchip/xc8/v2.36/avr/bin/../lib/gcc/avr/5.4.0/../../../../avr/lib/avr5/memx-const\libc.a(exit.o) (_Exit)
C:/Program Files (x86)/Atmel/Studio/7.0/Packs/Atmel/ATmega_DFP/2.1.506/xc8/avr/lib/avr5/memx-const\libatmega328p.a(eerd_byte.o)
                              EEPROM.o (eeprom_read_byte)
C:/Program Files (x86)/Atmel/Studio/7.0/Packs/Atmel/ATmega_DFP/2.1.506/xc8/avr/lib/avr5/memx-const\libatmega328p.a(eeupd_byte.o)
                              EEPROM.o (eeprom_update_byte)
C:/Program Files (x86)/Atmel/Studio/7.0/Packs/Atmel/ATmega_DFP/2.1.506/xc8/avr/lib/avr5/memx-const\libatmega328p.a(eewr_byte.o)
                              EEPROM.o (eeprom_write_byte)
c:/program files/microchip/xc8/v2.36/avr/bin/../lib/gcc/avr/5.4.0/avr5/memx-const\libgcc.a(_exit.o)
                              c:/program files/microchip/xc8/v2.36/avr/bin/../lib/gcc/avr/5.4.0/../../../../avr/lib/avr5/memx-const\libc.a(_Exit.o) (_exit)

Discarded input sections

 .data          0x0000000000000000        0x0 C:/Program Files (x86)/Atmel/Studio/7.0/Packs/Atmel/ATmega_DFP/2.1.506/xc8/avr/lib/avr5/memx-const/crtatmega328p.o
 .bss           0x0000000000000000        0x0 C:/Program Files (x86)/Atmel/Studio/7.0/Packs/Atmel/ATmega_DFP/2.1.506/xc8/avr/lib/avr5/memx-const/crtatmega328p.o
 .text          0x0000000000000000        0x0 EEPROM.o
 .data          0x0000000000000000        0x0 EEPROM.o
 .bss           0x0000000000000000        0x0 EEPROM.o
 .text          0x0000000000000000        0x0 main.o
 .data          0x0000000000000000        0x0 main.o
 .bss           0x0000000000000000        0x0 main.o
 .text          0x0000000000000000        0x0 Mensajes.o
 .data          0x0000000000000000        0x0 Mensajes.o
 .bss           0x0000000000000000        0x0 Mensajes.o
 .text.UI_ResetProgreso
                0x0000000000000000       0x12 Mensajes.o
 .text          0x0000000000000000        0x0 RC522.o
 .data          0x0000000000000000        0x0 RC522.o
 .bss           0x0000000000000000        0x0 RC522.o
 .text.mfrc522_resetPinInit
                0x0000000000000000       0x32 RC522.o
 .text.mfrc522_printRegister
                0x0000000000000000       0x5c RC522.o
 .text.mfrc522_debug_init
                0x0000000000000000       0x52 RC522.o
 .text.mfrc522_debug_REQA
                0x0000000000000000      0x176 RC522.o
 .text.mfrc522_standard
                0x0000000000000000      0x13a RC522.o
 .progmemx.data.HEX.2359
                0x0000000000000000       0x11 RC522.o
 .text          0x0000000000000000        0x0 SPI.o
 .data          0x0000000000000000        0x0 SPI.o
 .bss           0x0000000000000000        0x0 SPI.o
 .text          0x0000000000000000        0x0 twi.o
 .data          0x0000000000000000        0x0 twi.o
 .bss           0x0000000000000000        0x0 twi.o
 .text.twi_repeated_start
                0x0000000000000000       0x1a twi.o
 .text.twi_read_ack
                0x0000000000000000       0x1e twi.o
 .text.twi_read_nack
                0x0000000000000000       0x1e twi.o
 .text          0x0000000000000000        0x0 UART.o
 .data          0x0000000000000000        0x0 UART.o
 .bss           0x0000000000000000        0x0 UART.o
 .text._hexNibble
                0x0000000000000000       0x12 UART.o
 .text.uartNum  0x0000000000000000       0xbc UART.o
 .text.uartLeer
                0x0000000000000000        0xe UART.o
 .text.uartCRLF
                0x0000000000000000        0xe UART.o
 .text.uartHex  0x0000000000000000       0x16 UART.o
 .text.uartHayDato
                0x0000000000000000        0xc UART.o
 .text.uartLeerNoBloq
                0x0000000000000000        0x6 UART.o
 .text          0x0000000000000000        0x0 c:/program files/microchip/xc8/v2.36/avr/bin/../lib/gcc/avr/5.4.0/avr5/memx-const\libgcc.a(_copy_data.o)
 .data          0x0000000000000000        0x0 c:/program files/microchip/xc8/v2.36/avr/bin/../lib/gcc/avr/5.4.0/avr5/memx-const\libgcc.a(_copy_data.o)
 .bss           0x0000000000000000        0x0 c:/program files/microchip/xc8/v2.36/avr/bin/../lib/gcc/avr/5.4.0/avr5/memx-const\libgcc.a(_copy_data.o)
 .text.libgcc.mul
                0x0000000000000000        0x0 c:/program files/microchip/xc8/v2.36/avr/bin/../lib/gcc/avr/5.4.0/avr5/memx-const\libgcc.a(_copy_data.o)
 .text.libgcc.div
                0x0000000000000000        0x0 c:/program files/microchip/xc8/v2.36/avr/bin/../lib/gcc/avr/5.4.0/avr5/memx-const\libgcc.a(_copy_data.o)
 .text.libgcc   0x0000000000000000        0x0 c:/program files/microchip/xc8/v2.36/avr/bin/../lib/gcc/avr/5.4.0/avr5/memx-const\libgcc.a(_copy_data.o)
 .text.libgcc.prologue
                0x0000000000000000        0x0 c:/program files/microchip/xc8/v2.36/avr/bin/../lib/gcc/avr/5.4.0/avr5/memx-const\libgcc.a(_copy_data.o)
 .text.libgcc.builtins
                0x0000000000000000        0x0 c:/program files/microchip/xc8/v2.36/avr/bin/../lib/gcc/avr/5.4.0/avr5/memx-const\libgcc.a(_copy_data.o)
 .text.libgcc.fmul
                0x0000000000000000        0x0 c:/program files/microchip/xc8/v2.36/avr/bin/../lib/gcc/avr/5.4.0/avr5/memx-const\libgcc.a(_copy_data.o)
 .text.libgcc.fixed
                0x0000000000000000        0x0 c:/program files/microchip/xc8/v2.36/avr/bin/../lib/gcc/avr/5.4.0/avr5/memx-const\libgcc.a(_copy_data.o)
 .text          0x0000000000000000        0x0 c:/program files/microchip/xc8/v2.36/avr/bin/../lib/gcc/avr/5.4.0/avr5/memx-const\libgcc.a(_umulhisi3.o)
 .data          0x0000000000000000        0x0 c:/program files/microchip/xc8/v2.36/avr/bin/../lib/gcc/avr/5.4.0/avr5/memx-const\libgcc.a(_umulhisi3.o)
 .bss           0x0000000000000000        0x0 c:/program files/microchip/xc8/v2.36/avr/bin/../lib/gcc/avr/5.4.0/avr5/memx-const\libgcc.a(_umulhisi3.o)
 .text.libgcc.mul
                0x0000000000000000       0x1e c:/program files/microchip/xc8/v2.36/avr/bin/../lib/gcc/avr/5.4.0/avr5/memx-const\libgcc.a(_umulhisi3.o)
 .stack.descriptors.hdr
                0x0000000000000000        0xe c:/program files/microchip/xc8/v2.36/avr/bin/../lib/gcc/avr/5.4.0/avr5/memx-const\libgcc.a(_umulhisi3.o)
 .stack.descriptors
                0x0000000000000000       0x19 c:/program files/microchip/xc8/v2.36/avr/bin/../lib/gcc/avr/5.4.0/avr5/memx-const\libgcc.a(_umulhisi3.o)
 .text.libgcc.div
                0x0000000000000000        0x0 c:/program files/microchip/xc8/v2.36/avr/bin/../lib/gcc/avr/5.4.0/avr5/memx-const\libgcc.a(_umulhisi3.o)
 .text.libgcc   0x0000000000000000        0x0 c:/program files/microchip/xc8/v2.36/avr/bin/../lib/gcc/avr/5.4.0/avr5/memx-const\libgcc.a(_umulhisi3.o)
 .text.libgcc.prologue
                0x0000000000000000        0x0 c:/program files/microchip/xc8/v2.36/avr/bin/../lib/gcc/avr/5.4.0/avr5/memx-const\libgcc.a(_umulhisi3.o)
 .text.libgcc.builtins
                0x0000000000000000        0x0 c:/program files/microchip/xc8/v2.36/avr/bin/../lib/gcc/avr/5.4.0/avr5/memx-const\libgcc.a(_umulhisi3.o)
 .text.libgcc.fmul
                0x0000000000000000        0x0 c:/program files/microchip/xc8/v2.36/avr/bin/../lib/gcc/avr/5.4.0/avr5/memx-const\libgcc.a(_umulhisi3.o)
 .text.libgcc.fixed
                0x0000000000000000        0x0 c:/program files/microchip/xc8/v2.36/avr/bin/../lib/gcc/avr/5.4.0/avr5/memx-const\libgcc.a(_umulhisi3.o)
 .text          0x0000000000000000        0x0 c:/program files/microchip/xc8/v2.36/avr/bin/../lib/gcc/avr/5.4.0/../../../../avr/lib/avr5/memx-const\libc.a(exit.o)
 .data          0x0000000000000000        0x0 c:/program files/microchip/xc8/v2.36/avr/bin/../lib/gcc/avr/5.4.0/../../../../avr/lib/avr5/memx-const\libc.a(exit.o)
 .bss           0x0000000000000000        0x0 c:/program files/microchip/xc8/v2.36/avr/bin/../lib/gcc/avr/5.4.0/../../../../avr/lib/avr5/memx-const\libc.a(exit.o)
 .text          0x0000000000000000        0x0 c:/program files/microchip/xc8/v2.36/avr/bin/../lib/gcc/avr/5.4.0/../../../../avr/lib/avr5/memx-const\libc.a(memcmp.o)
 .data          0x0000000000000000        0x0 c:/program files/microchip/xc8/v2.36/avr/bin/../lib/gcc/avr/5.4.0/../../../../avr/lib/avr5/memx-const\libc.a(memcmp.o)
 .bss           0x0000000000000000        0x0 c:/program files/microchip/xc8/v2.36/avr/bin/../lib/gcc/avr/5.4.0/../../../../avr/lib/avr5/memx-const\libc.a(memcmp.o)
 .text          0x0000000000000000        0x0 c:/program files/microchip/xc8/v2.36/avr/bin/../lib/gcc/avr/5.4.0/../../../../avr/lib/avr5/memx-const\libc.a(_Exit.o)
 .data          0x0000000000000000        0x0 c:/program files/microchip/xc8/v2.36/avr/bin/../lib/gcc/avr/5.4.0/../../../../avr/lib/avr5/memx-const\libc.a(_Exit.o)
 .bss           0x0000000000000000        0x0 c:/program files/microchip/xc8/v2.36/avr/bin/../lib/gcc/avr/5.4.0/../../../../avr/lib/avr5/memx-const\libc.a(_Exit.o)
 .text          0x0000000000000000        0x0 C:/Program Files (x86)/Atmel/Studio/7.0/Packs/Atmel/ATmega_DFP/2.1.506/xc8/avr/lib/avr5/memx-const\libatmega328p.a(eerd_byte.o)
 .data          0x0000000000000000        0x0 C:/Program Files (x86)/Atmel/Studio/7.0/Packs/Atmel/ATmega_DFP/2.1.506/xc8/avr/lib/avr5/memx-const\libatmega328p.a(eerd_byte.o)
 .bss           0x0000000000000000        0x0 C:/Program Files (x86)/Atmel/Studio/7.0/Packs/Atmel/ATmega_DFP/2.1.506/xc8/avr/lib/avr5/memx-const\libatmega328p.a(eerd_byte.o)
 .stack.descriptors
                0x0000000000000000       0x1e C:/Program Files (x86)/Atmel/Studio/7.0/Packs/Atmel/ATmega_DFP/2.1.506/xc8/avr/lib/avr5/memx-const\libatmega328p.a(eerd_byte.o)
 .text          0x0000000000000000        0x0 C:/Program Files (x86)/Atmel/Studio/7.0/Packs/Atmel/ATmega_DFP/2.1.506/xc8/avr/lib/avr5/memx-const\libatmega328p.a(eeupd_byte.o)
 .data          0x0000000000000000        0x0 C:/Program Files (x86)/Atmel/Studio/7.0/Packs/Atmel/ATmega_DFP/2.1.506/xc8/avr/lib/avr5/memx-const\libatmega328p.a(eeupd_byte.o)
 .bss           0x0000000000000000        0x0 C:/Program Files (x86)/Atmel/Studio/7.0/Packs/Atmel/ATmega_DFP/2.1.506/xc8/avr/lib/avr5/memx-const\libatmega328p.a(eeupd_byte.o)
 .stack.descriptors
                0x0000000000000000       0x3f C:/Program Files (x86)/Atmel/Studio/7.0/Packs/Atmel/ATmega_DFP/2.1.506/xc8/avr/lib/avr5/memx-const\libatmega328p.a(eeupd_byte.o)
 .text          0x0000000000000000        0x0 C:/Program Files (x86)/Atmel/Studio/7.0/Packs/Atmel/ATmega_DFP/2.1.506/xc8/avr/lib/avr5/memx-const\libatmega328p.a(eewr_byte.o)
 .data          0x0000000000000000        0x0 C:/Program Files (x86)/Atmel/Studio/7.0/Packs/Atmel/ATmega_DFP/2.1.506/xc8/avr/lib/avr5/memx-const\libatmega328p.a(eewr_byte.o)
 .bss           0x0000000000000000        0x0 C:/Program Files (x86)/Atmel/Studio/7.0/Packs/Atmel/ATmega_DFP/2.1.506/xc8/avr/lib/avr5/memx-const\libatmega328p.a(eewr_byte.o)
 .stack.descriptors
                0x0000000000000000       0x3d C:/Program Files (x86)/Atmel/Studio/7.0/Packs/Atmel/ATmega_DFP/2.1.506/xc8/avr/lib/avr5/memx-const\libatmega328p.a(eewr_byte.o)
 .text          0x0000000000000000        0x0 c:/program files/microchip/xc8/v2.36/avr/bin/../lib/gcc/avr/5.4.0/avr5/memx-const\libgcc.a(_exit.o)
 .data          0x0000000000000000        0x0 c:/program files/microchip/xc8/v2.36/avr/bin/../lib/gcc/avr/5.4.0/avr5/memx-const\libgcc.a(_exit.o)
 .bss           0x0000000000000000        0x0 c:/program files/microchip/xc8/v2.36/avr/bin/../lib/gcc/avr/5.4.0/avr5/memx-const\libgcc.a(_exit.o)
 .text.libgcc.mul
                0x0000000000000000        0x0 c:/program files/microchip/xc8/v2.36/avr/bin/../lib/gcc/avr/5.4.0/avr5/memx-const\libgcc.a(_exit.o)
 .text.libgcc.div
                0x0000000000000000        0x0 c:/program files/microchip/xc8/v2.36/avr/bin/../lib/gcc/avr/5.4.0/avr5/memx-const\libgcc.a(_exit.o)
 .text.libgcc   0x0000000000000000        0x0 c:/program files/microchip/xc8/v2.36/avr/bin/../lib/gcc/avr/5.4.0/avr5/memx-const\libgcc.a(_exit.o)
 .text.libgcc.prologue
                0x0000000000000000        0x0 c:/program files/microchip/xc8/v2.36/avr/bin/../lib/gcc/avr/5.4.0/avr5/memx-const\libgcc.a(_exit.o)
 .stack.descriptors
                0x0000000000000000       0x13 c:/program files/microchip/xc8/v2.36/avr/bin/../lib/gcc/avr/5.4.0/avr5/memx-const\libgcc.a(_exit.o)
 .text.libgcc.builtins
                0x0000000000000000        0x0 c:/program files/microchip/xc8/v2.36/avr/bin/../lib/gcc/avr/5.4.0/avr5/memx-const\libgcc.a(_exit.o)
 .text.libgcc.fmul
                0x0000000000000000        0x0 c:/program files/microchip/xc8/v2.36/avr/bin/../lib/gcc/avr/5.4.0/avr5/memx-const\libgcc.a(_exit.o)
 .text.libgcc.fixed
                0x0000000000000000        0x0 c:/program files/microchip/xc8/v2.36/avr/bin/../lib/gcc/avr/5.4.0/avr5/memx-const\libgcc.a(_exit.o)

Memory Configuration

Name             Origin             Length             Attributes
text             0x0000000000000000 0x0000000000008000 xr
data             0x0000000000800100 0x0000000000000800 rw !x
eeprom           0x0000000000810000 0x0000000000000400 rw !x
fuse             0x0000000000820000 0x0000000000000003 rw !x
lock             0x0000000000830000 0x0000000000000400 rw !x
signature        0x0000000000840000 0x0000000000000400 rw !x
user_signatures  0x0000000000850000 0x0000000000000400 rw !x
*default*        0x0000000000000000 0xffffffffffffffff

Linker script and memory map

Address of section .data set to 0x800100
LOAD C:/Program Files (x86)/Atmel/Studio/7.0/Packs/Atmel/ATmega_DFP/2.1.506/xc8/avr/lib/avr5/memx-const/crtatmega328p.o
LOAD EEPROM.o
LOAD main.o
LOAD Mensajes.o
LOAD RC522.o
LOAD SPI.o
LOAD twi.o
LOAD UART.o
START GROUP
LOAD c:/program files/microchip/xc8/v2.36/avr/bin/../lib/gcc/avr/5.4.0/../../../../avr/lib/avr5/memx-const\libm.a
END GROUP
START GROUP
LOAD c:/program files/microchip/xc8/v2.36/avr/bin/../lib/gcc/avr/5.4.0/avr5/memx-const\libgcc.a
LOAD c:/program files/microchip/xc8/v2.36/avr/bin/../lib/gcc/avr/5.4.0/../../../../avr/lib/avr5/memx-const\libm.a
LOAD c:/program files/microchip/xc8/v2.36/avr/bin/../lib/gcc/avr/5.4.0/../../../../avr/lib/avr5/memx-const\libc.a
LOAD C:/Program Files (x86)/Atmel/Studio/7.0/Packs/Atmel/ATmega_DFP/2.1.506/xc8/avr/lib/avr5/memx-const\libatmega328p.a
END GROUP
                0x0000000000000000                __TEXT_REGION_ORIGIN__ = DEFINED (__TEXT_REGION_ORIGIN__)?__TEXT_REGION_ORIGIN__:0x0
                [0x0000000000800100]                __DATA_REGION_ORIGIN__ = DEFINED (__DATA_REGION_ORIGIN__)?__DATA_REGION_ORIGIN__:0x800060
                [0x0000000000008000]                __TEXT_REGION_LENGTH__ = DEFINED (__TEXT_REGION_LENGTH__)?__TEXT_REGION_LENGTH__:0x20000
                [0x0000000000000800]                __DATA_REGION_LENGTH__ = DEFINED (__DATA_REGION_LENGTH__)?__DATA_REGION_LENGTH__:0xffa0
                [0x0000000000000400]                __EEPROM_REGION_LENGTH__ = DEFINED (__EEPROM_REGION_LENGTH__)?__EEPROM_REGION_LENGTH__:0x10000
                [0x0000000000000003]                __FUSE_REGION_LENGTH__ = DEFINED (__FUSE_REGION_LENGTH__)?__FUSE_REGION_LENGTH__:0x400
                0x0000000000000400                __LOCK_REGION_LENGTH__ = DEFINED (__LOCK_REGION_LENGTH__)?__LOCK_REGION_LENGTH__:0x400
                0x0000000000000400                __SIGNATURE_REGION_LENGTH__ = DEFINED (__SIGNATURE_REGION_LENGTH__)?__SIGNATURE_REGION_LENGTH__:0x400
                0x0000000000000400                __USER_SIGNATURE_REGION_LENGTH__ = DEFINED (__USER_SIGNATURE_REGION_LENGTH__)?__USER_SIGNATURE_REGION_LENGTH__:0x400

.hash
 *(.hash)

.dynsym
 *(.dynsym)

.dynstr
 *(.dynstr)

.gnu.version
 *(.gnu.version)

.gnu.version_d
 *(.gnu.version_d)

.gnu.version_r
 *(.gnu.version_r)

.rel.init
 *(.rel.init)

.rela.init
 *(.rela.init)

.rel.text
 *(.rel.text)
 *(.rel.text.*)
 *(.rel.gnu.linkonce.t*)

.rela.text
 *(.rela.text)
 *(.rela.text.*)
 *(.rela.gnu.linkonce.t*)

.rel.fini
 *(.rel.fini)

.rela.fini
 *(.rela.fini)

.rel.rodata
 *(.rel.rodata)
 *(.rel.rodata.*)
 *(.rel.gnu.linkonce.r*)

.rela.rodata
 *(.rela.rodata)
 *(.rela.rodata.*)
 *(.rela.gnu.linkonce.r*)

.rel.data
 *(.rel.data)
 *(.rel.data.*)
 *(.rel.gnu.linkonce.d*)

.rela.data
 *(.rela.data)
 *(.rela.data.*)
 *(.rela.gnu.linkonce.d*)

.rel.ctors
 *(.rel.ctors)

.rela.ctors
 *(.rela.ctors)

.rel.dtors
 *(.rel.dtors)

.rela.dtors
 *(.rela.dtors)

.rel.got
 *(.rel.got)

.rela.got
 *(.rela.got)

.rel.bss
 *(.rel.bss)

.rela.bss
 *(.rela.bss)

.rel.plt
 *(.rel.plt)

.rela.plt
 *(.rela.plt)

.text           0x0000000000000000       0xc2
 *(.vectors)
 .vectors       0x0000000000000000       0x68 C:/Program Files (x86)/Atmel/Studio/7.0/Packs/Atmel/ATmega_DFP/2.1.506/xc8/avr/lib/avr5/memx-const/crtatmega328p.o
                0x0000000000000000                __vector_default
                0x0000000000000000                __vectors
 *(.vectors)
 *(.progmem.gcc*)
 *(.dinit)
 .dinit         0x0000000000000068        0x5 data_init
                0x000000000000006e                . = ALIGN (0x2)
 *fill*         0x000000000000006d        0x1 
                0x000000000000006e                __trampolines_start = .
 *(.trampolines)
 .trampolines   0x000000000000006e        0x0 linker stubs
 *(.trampolines*)
                0x000000000000006e                __trampolines_end = .
 *libprintf_flt.a:*(.progmem.data)
 *libc.a:*(.progmem.data)
                0x000000000000006e                . = ALIGN (0x2)
 *(.jumptables)
 *(.jumptables*)
 *(.lowtext)
 *(.lowtext*)
                0x000000000000006e                __ctors_start = .
 *(.ctors)
                0x000000000000006e                __ctors_end = .
                0x000000000000006e                __dtors_start = .
 *(.dtors)
                0x000000000000006e                __dtors_end = .
 SORT(*)(.ctors)
 SORT(*)(.dtors)
 *(.init0)
 .init0         0x000000000000006e        0x0 C:/Program Files (x86)/Atmel/Studio/7.0/Packs/Atmel/ATmega_DFP/2.1.506/xc8/avr/lib/avr5/memx-const/crtatmega328p.o
                0x000000000000006e                __init
 *(.init0)
 *(.init1)
 *(.init1)
 *(.init2)
 .init2         0x000000000000006e        0xc C:/Program Files (x86)/Atmel/Studio/7.0/Packs/Atmel/ATmega_DFP/2.1.506/xc8/avr/lib/avr5/memx-const/crtatmega328p.o
 *(.init2)
 *(.init3)
 *(.init3)
 *(.init4)
 .init4         0x000000000000007a       0x3c c:/program files/microchip/xc8/v2.36/avr/bin/../lib/gcc/avr/5.4.0/avr5/memx-const\libgcc.a(_copy_data.o)
                0x000000000000007a                __do_copy_data
                0x00000000000000a8                __do_clear_bss
 *(.init4)
 *(.init5)
 *(.init5)
 *(.init6)
 *(.init6)
 *(.init7)
 *(.init7)
 *(.init8)
 *(.init8)
 *(.init9)
 .init9         0x00000000000000b6        0x8 C:/Program Files (x86)/Atmel/Studio/7.0/Packs/Atmel/ATmega_DFP/2.1.506/xc8/avr/lib/avr5/memx-const/crtatmega328p.o
 *(.init9)
                0x00000000000000be                . = ALIGN (0x2)
 *(.fini9)
 .fini9         0x00000000000000be        0x0 c:/program files/microchip/xc8/v2.36/avr/bin/../lib/gcc/avr/5.4.0/avr5/memx-const\libgcc.a(_exit.o)
                0x00000000000000be                _exit
 *(.fini9)
 *(.fini8)
 *(.fini8)
 *(.fini7)
 *(.fini7)
 *(.fini6)
 *(.fini6)
 *(.fini5)
 *(.fini5)
 *(.fini4)
 *(.fini4)
 *(.fini3)
 *(.fini3)
 *(.fini2)
 *(.fini2)
 *(.fini1)
 *(.fini1)
 *(.fini0)
 .fini0         0x00000000000000be        0x4 c:/program files/microchip/xc8/v2.36/avr/bin/../lib/gcc/avr/5.4.0/avr5/memx-const\libgcc.a(_exit.o)
 *(.fini0)
                0x00000000000000c2                _etext = .

.data           0x0000000000800100        0x0 load address 0x00000000000000c2
                [!provide]                        PROVIDE (__data_start, .)
 *(.gnu.linkonce.d*)
 *(.gnu.linkonce.r*)
                0x0000000000800100                . = ALIGN (0x2)
                0x0000000000800100                _edata = .
                [!provide]                        PROVIDE (__data_end, .)

.bss            0x0000000000800100        0x0
                [!provide]                        PROVIDE (__bss_start, .)
 *(COMMON)
                [!provide]                        PROVIDE (__bss_end, .)
                0x00000000000000c2                __data_load_start = LOADADDR (.data)
                0x00000000000000c2                __data_load_end = (__data_load_start + SIZEOF (.data))

.noinit         0x0000000000800100        0x0
                [!provide]                        PROVIDE (__noinit_start, .)
 *(.noinit*)
                [!provide]                        PROVIDE (__noinit_end, .)
                0x0000000000800100                _end = .

.eeprom         0x0000000000810000        0x0
 *(.eeprom*)
                0x0000000000810000                __eeprom_end = .

.fuse
 *(.fuse)
 *(.lfuse)
 *(.hfuse)
 *(.efuse)

.lock
 *(.lock*)

.signature
 *(.signature*)

.user_signatures
 *(.user_signatures*)

.stab
 *(.stab)

.stabstr
 *(.stabstr)

.stab.excl
 *(.stab.excl)

.stab.exclstr
 *(.stab.exclstr)

.stab.index
 *(.stab.index)

.stab.indexstr
 *(.stab.indexstr)

.comment        0x0000000000000000       0x2f
 *(.comment)
 .comment       0x0000000000000000       0x2f EEPROM.o
                                         0x30 (size before relaxing)
 .comment       0x000000000000002f       0x30 main.o
 .comment       0x000000000000002f       0x30 Mensajes.o
 .comment       0x000000000000002f       0x30 RC522.o
 .comment       0x000000000000002f       0x30 SPI.o
 .comment       0x000000000000002f       0x30 twi.o
 .comment       0x000000000000002f       0x30 UART.o
 .comment       0x000000000000002f       0x30 c:/program files/microchip/xc8/v2.36/avr/bin/../lib/gcc/avr/5.4.0/../../../../avr/lib/avr5/memx-const\libc.a(exit.o)
 .comment       0x000000000000002f       0x30 c:/program files/microchip/xc8/v2.36/avr/bin/../lib/gcc/avr/5.4.0/../../../../avr/lib/avr5/memx-const\libc.a(memcmp.o)
 .comment       0x000000000000002f       0x30 c:/program files/microchip/xc8/v2.36/avr/bin/../lib/gcc/avr/5.4.0/../../../../avr/lib/avr5/memx-const\libc.a(_Exit.o)

.note.GNU-stack
                0x0000000000000000        0x0
 .note.GNU-stack
                0x0000000000000000        0x0 c:/program files/microchip/xc8/v2.36/avr/bin/../lib/gcc/avr/5.4.0/../../../../avr/lib/avr5/memx-const\libc.a(exit.o)
 .note.GNU-stack
                0x0000000000000000        0x0 c:/program files/microchip/xc8/v2.36/avr/bin/../lib/gcc/avr/5.4.0/../../../../avr/lib/avr5/memx-const\libc.a(memcmp.o)
 .note.GNU-stack
                0x0000000000000000        0x0 c:/program files/microchip/xc8/v2.36/avr/bin/../lib/gcc/avr/5.4.0/../../../../avr/lib/avr5/memx-const\libc.a(_Exit.o)

.stack.descriptors.hdr
                0x0000000000000000       0x38
 .stack.descriptors.hdr
                0x0000000000000000        0xe C:/Program Files (x86)/Atmel/Studio/7.0/Packs/Atmel/ATmega_DFP/2.1.506/xc8/avr/lib/avr5/memx-const\libatmega328p.a(eerd_byte.o)
 .stack.descriptors.hdr
                0x000000000000000e        0xe C:/Program Files (x86)/Atmel/Studio/7.0/Packs/Atmel/ATmega_DFP/2.1.506/xc8/avr/lib/avr5/memx-const\libatmega328p.a(eeupd_byte.o)
 .stack.descriptors.hdr
                0x000000000000001c        0xe C:/Program Files (x86)/Atmel/Studio/7.0/Packs/Atmel/ATmega_DFP/2.1.506/xc8/avr/lib/avr5/memx-const\libatmega328p.a(eewr_byte.o)
 .stack.descriptors.hdr
                0x000000000000002a        0xe c:/program files/microchip/xc8/v2.36/avr/bin/../lib/gcc/avr/5.4.0/avr5/memx-const\libgcc.a(_exit.o)

.note.gnu.build-id
 *(.note.gnu.build-id)

.debug
 *(.debug)

.line
 *(.line)

.debug_srcinfo
 *(.debug_srcinfo)

.debug_sfnames
 *(.debug_sfnames)

.debug_aranges  0x0000000000000000      0x440
 *(.debug_aranges)
 .debug_aranges
                0x0000000000000000       0x78 EEPROM.o
 .debug_aranges
                0x0000000000000078       0x70 main.o
 .debug_aranges
                0x00000000000000e8      0x198 Mensajes.o
 .debug_aranges
                0x0000000000000280       0x78 RC522.o
 .debug_aranges
                0x00000000000002f8       0x28 SPI.o
 .debug_aranges
                0x0000000000000320       0x58 twi.o
 .debug_aranges
                0x0000000000000378       0x68 UART.o
 .debug_aranges
                0x00000000000003e0       0x20 C:/Program Files (x86)/Atmel/Studio/7.0/Packs/Atmel/ATmega_DFP/2.1.506/xc8/avr/lib/avr5/memx-const\libatmega328p.a(eerd_byte.o)
 .debug_aranges
                0x0000000000000400       0x20 C:/Program Files (x86)/Atmel/Studio/7.0/Packs/Atmel/ATmega_DFP/2.1.506/xc8/avr/lib/avr5/memx-const\libatmega328p.a(eeupd_byte.o)
 .debug_aranges
                0x0000000000000420       0x20 C:/Program Files (x86)/Atmel/Studio/7.0/Packs/Atmel/ATmega_DFP/2.1.506/xc8/avr/lib/avr5/memx-const\libatmega328p.a(eewr_byte.o)

.debug_pubnames
 *(.debug_pubnames)

.debug_info     0x0000000000000000     0x6c4b
 *(.debug_info .gnu.linkonce.wi.*)
 .debug_info    0x0000000000000000      0x5f4 C:/Program Files (x86)/Atmel/Studio/7.0/Packs/Atmel/ATmega_DFP/2.1.506/xc8/avr/lib/avr5/memx-const/crtatmega328p.o
 .debug_info    0x00000000000005f4      0xed6 EEPROM.o
 .debug_info    0x00000000000014ca     0x15f4 main.o
 .debug_info    0x0000000000002abe     0x1e13 Mensajes.o
 .debug_info    0x00000000000048d1     0x15b4 RC522.o
 .debug_info    0x0000000000005e85      0x2b9 SPI.o
 .debug_info    0x000000000000613e      0x431 twi.o
 .debug_info    0x000000000000656f      0x4b9 UART.o
 .debug_info    0x0000000000006a28       0xb6 C:/Program Files (x86)/Atmel/Studio/7.0/Packs/Atmel/ATmega_DFP/2.1.506/xc8/avr/lib/avr5/memx-const\libatmega328p.a(eerd_byte.o)
 .debug_info    0x0000000000006ade       0xb7 C:/Program Files (x86)/Atmel/Studio/7.0/Packs/Atmel/ATmega_DFP/2.1.506/xc8/avr/lib/avr5/memx-const\libatmega328p.a(eeupd_byte.o)
 .debug_info    0x0000000000006b95       0xb6 C:/Program Files (x86)/Atmel/Studio/7.0/Packs/Atmel/ATmega_DFP/2.1.506/xc8/avr/lib/avr5/memx-const\libatmega328p.a(eewr_byte.o)

.debug_abbrev   0x0000000000000000     0x1255
 *(.debug_abbrev)
 .debug_abbrev  0x0000000000000000      0x5a2 C:/Program Files (x86)/Atmel/Studio/7.0/Packs/Atmel/ATmega_DFP/2.1.506/xc8/avr/lib/avr5/memx-const/crtatmega328p.o
 .debug_abbrev  0x00000000000005a2      0x1c2 EEPROM.o
 .debug_abbrev  0x0000000000000764      0x2a0 main.o
 .debug_abbrev  0x0000000000000a04      0x29b Mensajes.o
 .debug_abbrev  0x0000000000000c9f      0x2c0 RC522.o
 .debug_abbrev  0x0000000000000f5f       0x6f SPI.o
 .debug_abbrev  0x0000000000000fce      0x110 twi.o
 .debug_abbrev  0x00000000000010de      0x13b UART.o
 .debug_abbrev  0x0000000000001219       0x14 C:/Program Files (x86)/Atmel/Studio/7.0/Packs/Atmel/ATmega_DFP/2.1.506/xc8/avr/lib/avr5/memx-const\libatmega328p.a(eerd_byte.o)
 .debug_abbrev  0x000000000000122d       0x14 C:/Program Files (x86)/Atmel/Studio/7.0/Packs/Atmel/ATmega_DFP/2.1.506/xc8/avr/lib/avr5/memx-const\libatmega328p.a(eeupd_byte.o)
 .debug_abbrev  0x0000000000001241       0x14 C:/Program Files (x86)/Atmel/Studio/7.0/Packs/Atmel/ATmega_DFP/2.1.506/xc8/avr/lib/avr5/memx-const\libatmega328p.a(eewr_byte.o)

.debug_line     0x0000000000000000     0x279f
 *(.debug_line .debug_line.* .debug_line_end)
 .debug_line    0x0000000000000000      0x137 C:/Program Files (x86)/Atmel/Studio/7.0/Packs/Atmel/ATmega_DFP/2.1.506/xc8/avr/lib/avr5/memx-const/crtatmega328p.o
 .debug_line    0x0000000000000137      0x384 EEPROM.o
 .debug_line    0x00000000000004bb      0xa2d main.o
 .debug_line    0x0000000000000ee8      0xab9 Mensajes.o
 .debug_line    0x00000000000019a1      0x70c RC522.o
 .debug_line    0x00000000000020ad       0xc4 SPI.o
 .debug_line    0x0000000000002171      0x23c twi.o
 .debug_line    0x00000000000023ad      0x216 UART.o
 .debug_line    0x00000000000025c3       0x82 C:/Program Files (x86)/Atmel/Studio/7.0/Packs/Atmel/ATmega_DFP/2.1.506/xc8/avr/lib/avr5/memx-const\libatmega328p.a(eerd_byte.o)
 .debug_line    0x0000000000002645       0xb9 C:/Program Files (x86)/Atmel/Studio/7.0/Packs/Atmel/ATmega_DFP/2.1.506/xc8/avr/lib/avr5/memx-const\libatmega328p.a(eeupd_byte.o)
 .debug_line    0x00000000000026fe       0xa1 C:/Program Files (x86)/Atmel/Studio/7.0/Packs/Atmel/ATmega_DFP/2.1.506/xc8/avr/lib/avr5/memx-const\libatmega328p.a(eewr_byte.o)

.debug_frame    0x0000000000000000      0x9e8
 *(.debug_frame)
 .debug_frame   0x0000000000000000      0x184 EEPROM.o
 .debug_frame   0x0000000000000184      0x1bc main.o
 .debug_frame   0x0000000000000340      0x3a4 Mensajes.o
 .debug_frame   0x00000000000006e4      0x158 RC522.o
 .debug_frame   0x000000000000083c       0x34 SPI.o
 .debug_frame   0x0000000000000870       0x94 twi.o
 .debug_frame   0x0000000000000904       0xe4 UART.o

.debug_str      0x0000000000000000      0x68a
 *(.debug_str)
 .debug_str     0x0000000000000000      0x208 C:/Program Files (x86)/Atmel/Studio/7.0/Packs/Atmel/ATmega_DFP/2.1.506/xc8/avr/lib/avr5/memx-const/crtatmega328p.o
 .debug_str     0x0000000000000208       0x36 EEPROM.o
 .debug_str     0x000000000000023e      0x391 main.o
 .debug_str     0x00000000000005cf       0x85 Mensajes.o
 .debug_str     0x0000000000000654       0x36 RC522.o
 .debug_str     0x000000000000068a        0x0 SPI.o
 .debug_str     0x000000000000068a        0x0 twi.o
 .debug_str     0x000000000000068a        0x0 UART.o

.debug_loc      0x0000000000000000     0x2f4c
 *(.debug_loc)
 .debug_loc     0x0000000000000000      0xa7e EEPROM.o
 .debug_loc     0x0000000000000a7e      0xb74 main.o
 .debug_loc     0x00000000000015f2      0xd57 Mensajes.o
 .debug_loc     0x0000000000002349      0x921 RC522.o
 .debug_loc     0x0000000000002c6a       0x1f SPI.o
 .debug_loc     0x0000000000002c89       0x9f twi.o
 .debug_loc     0x0000000000002d28      0x224 UART.o

.debug_macinfo
 *(.debug_macinfo)

.debug_weaknames
 *(.debug_weaknames)

.debug_funcnames
 *(.debug_funcnames)

.debug_typenames
 *(.debug_typenames)

.debug_varnames
 *(.debug_varnames)

.debug_pubtypes
 *(.debug_pubtypes)

.debug_ranges   0x0000000000000000      0x468
 *(.debug_ranges)
 .debug_ranges  0x0000000000000000       0x68 EEPROM.o
 .debug_ranges  0x0000000000000068      0x140 main.o
 .debug_ranges  0x00000000000001a8      0x1a0 Mensajes.o
 .debug_ranges  0x0000000000000348       0x68 RC522.o
 .debug_ranges  0x00000000000003b0       0x18 SPI.o
 .debug_ranges  0x00000000000003c8       0x48 twi.o
 .debug_ranges  0x0000000000000410       0x58 UART.o

.debug_macro
 *(.debug_macro)
OUTPUT(Cerradura_I.elf elf32-avr)
LOAD linker stubs
LOAD data_init

.note.gnu.avr.deviceinfo
                0x0000000000000000       0x40
 .note.gnu.avr.deviceinfo
                0x0000000000000000       0x40 C:/Program Files (x86)/Atmel/Studio/7.0/Packs/Atmel/ATmega_DFP/2.1.506/xc8/avr/lib/avr5/memx-const/crtatmega328p.o

.bss.intentos   0x0000000000800100        0x1
 .bss.intentos  0x0000000000800100        0x1 main.o

.bss.estado_actual
                0x0000000000800101        0x1
 .bss.estado_actual
                0x0000000000800101        0x1 main.o

.bss.idx_key    0x0000000000800102        0x1
 .bss.idx_key   0x0000000000800102        0x1 Mensajes.o

.bss.g_clave_ok
                0x0000000000800103        0x1
 .bss.g_clave_ok
                0x0000000000800103        0x1 Mensajes.o

.bss.g_cmd      0x0000000000800104        0x1
 .bss.g_cmd     0x0000000000800104        0x1 Mensajes.o

.bss.lcd        0x0000000000800105        0x1
 .bss.lcd       0x0000000000800105        0x1 Mensajes.o
                0x0000000000800105                lcd

.progmemx.data  0x00000000000000c2      0x44b
 .progmemx.data
                0x00000000000000c2      0x44b Mensajes.o

.progmemx.data  0x000000000000050d       0xd0
 .progmemx.data
                0x000000000000050d       0xd0 RC522.o

.progmemx.data  0x00000000000005dd        0x5
 .progmemx.data
                0x00000000000005dd        0x5 main.o

.progmemx.data.clave_target
                0x00000000000005e2        0x5
 .progmemx.data.clave_target
                0x00000000000005e2        0x5 Mensajes.o

.text.Estado_Menu
                0x00000000000005e8      0x1e8
 .text.Estado_Menu
                0x00000000000005e8      0x1e8 main.o

.text.ProcesarOrdenesUART_Seguras
                0x00000000000007d0      0x1a4
 .text.ProcesarOrdenesUART_Seguras
                0x00000000000007d0      0x1a4 main.o

.text.mfrc522_detectar
                0x0000000000000974      0x198
 .text.mfrc522_detectar
                0x0000000000000974      0x198 RC522.o
                0x0000000000000974                mfrc522_detectar

.text.Estado_Reset
                0x0000000000000b0c      0x134
 .text.Estado_Reset
                0x0000000000000b0c      0x134 main.o

.text.Accesos_Inicializar
                0x0000000000000c40      0x122
 .text.Accesos_Inicializar
                0x0000000000000c40      0x122 EEPROM.o
                0x0000000000000c40                Accesos_Inicializar

.text.Estado_Verificar
                0x0000000000000d62       0xfa
 .text.Estado_Verificar
                0x0000000000000d62       0xfa main.o

.text.Uart_LeerUidManual
                0x0000000000000e5c       0xd4
 .text.Uart_LeerUidManual
                0x0000000000000e5c       0xd4 Mensajes.o
                0x0000000000000e5c                Uart_LeerUidManual

.text.Estado_Cerrada
                0x0000000000000f30       0xc4
 .text.Estado_Cerrada
                0x0000000000000f30       0xc4 main.o

.text.UI_IntentoFallido
                0x0000000000000ff4       0xb8
 .text.UI_IntentoFallido
                0x0000000000000ff4       0xb8 Mensajes.o
                0x0000000000000ff4                UI_IntentoFallido

.text.Botones_LeerEvento
                0x00000000000010ac       0xb4
 .text.Botones_LeerEvento
                0x00000000000010ac       0xb4 main.o

.text.UI_BloqueadaPorIntentos
                0x0000000000001160       0xb4
 .text.UI_BloqueadaPorIntentos
                0x0000000000001160       0xb4 Mensajes.o
                0x0000000000001160                UI_BloqueadaPorIntentos

.text.Uart_ProcesarEntrada
                0x0000000000001214       0xa8
 .text.Uart_ProcesarEntrada
                0x0000000000001214       0xa8 Mensajes.o
                0x0000000000001214                Uart_ProcesarEntrada

.text.Accesos_Escribir
                0x00000000000012bc       0x86
 .text.Accesos_Escribir
                0x00000000000012bc       0x86 EEPROM.o
                0x00000000000012bc                Accesos_Escribir

.text.twi_lcd_4bit_send
                0x0000000000001342       0x78
 .text.twi_lcd_4bit_send
                0x0000000000001342       0x78 Mensajes.o
                0x0000000000001342                twi_lcd_4bit_send

.text.Accesos_Buscar
                0x00000000000013ba       0x72
 .text.Accesos_Buscar
                0x00000000000013ba       0x72 EEPROM.o
                0x00000000000013ba                Accesos_Buscar

.text.twi_lcd_init
                0x000000000000142c       0x70
 .text.twi_lcd_init
                0x000000000000142c       0x70 Mensajes.o
                0x000000000000142c                twi_lcd_init

.text.Uart_MostrarAyuda
                0x000000000000149c       0x70
 .text.Uart_MostrarAyuda
                0x000000000000149c       0x70 Mensajes.o
                0x000000000000149c                Uart_MostrarAyuda

.text.Accesos_BorrarPorIndice
                0x000000000000150c       0x6c
 .text.Accesos_BorrarPorIndice
                0x000000000000150c       0x6c EEPROM.o
                0x000000000000150c                Accesos_BorrarPorIndice

.text.RFID_LeerUID4
                0x0000000000001578       0x62
 .text.RFID_LeerUID4
                0x0000000000001578       0x62 main.o

.text.lcd_2lineas
                0x00000000000015da       0x62
 .text.lcd_2lineas
                0x00000000000015da       0x62 Mensajes.o

.text.Accesos_Leer
                0x000000000000163c       0x60
 .text.Accesos_Leer
                0x000000000000163c       0x60 EEPROM.o
                0x000000000000163c                Accesos_Leer

.text.mfrc522_init
                0x000000000000169c       0x5c
 .text.mfrc522_init
                0x000000000000169c       0x5c RC522.o
                0x000000000000169c                mfrc522_init

.text.Estado_Bloqueada
                0x00000000000016f8       0x5a
 .text.Estado_Bloqueada
                0x00000000000016f8       0x5a main.o

.text.memcmp    0x0000000000001752       0x54
 .text.memcmp   0x0000000000001752       0x54 c:/program files/microchip/xc8/v2.36/avr/bin/../lib/gcc/avr/5.4.0/../../../../avr/lib/avr5/memx-const\libc.a(memcmp.o)
                0x0000000000001752                memcmp

.text.InicializarHardware
                0x00000000000017a6       0x52
 .text.InicializarHardware
                0x00000000000017a6       0x52 main.o

.text.UI_AccesoConcedido
                0x00000000000017f8       0x4c
 .text.UI_AccesoConcedido
                0x00000000000017f8       0x4c Mensajes.o
                0x00000000000017f8                UI_AccesoConcedido

.text.Accesos_Agregar
                0x0000000000001844       0x48
 .text.Accesos_Agregar
                0x0000000000001844       0x48 EEPROM.o
                0x0000000000001844                Accesos_Agregar

.text.UI_BeepERR
                0x000000000000188c       0x3c
 .text.UI_BeepERR
                0x000000000000188c       0x3c Mensajes.o
                0x000000000000188c                UI_BeepERR

.text.UI_Alarma
                0x00000000000018c8       0x3c
 .text.UI_Alarma
                0x00000000000018c8       0x3c Mensajes.o
                0x00000000000018c8                UI_Alarma

.text.Estado_Abierta
                0x0000000000001904       0x2c
 .text.Estado_Abierta
                0x0000000000001904       0x2c main.o

.text.twi_lcd_msg
                0x0000000000001930       0x2c
 .text.twi_lcd_msg
                0x0000000000001930       0x2c Mensajes.o
                0x0000000000001930                twi_lcd_msg

.text.uartTxt   0x000000000000195c       0x2c
 .text.uartTxt  0x000000000000195c       0x2c UART.o
                0x000000000000195c                uartTxt

.text.twi_lcd_cmd
                0x0000000000001988       0x2a
 .text.twi_lcd_cmd
                0x0000000000001988       0x2a Mensajes.o
                0x0000000000001988                twi_lcd_cmd

.text.mfrc522_write
                0x00000000000019b2       0x2a
 .text.mfrc522_write
                0x00000000000019b2       0x2a RC522.o
                0x00000000000019b2                mfrc522_write

.text.main      0x00000000000019dc       0x28
 .text.main     0x00000000000019dc       0x28 main.o
                0x00000000000019dc                main

.text.Uart_ClaveMaestraListo
                0x0000000000001a04       0x28
 .text.Uart_ClaveMaestraListo
                0x0000000000001a04       0x28 Mensajes.o
                0x0000000000001a04                Uart_ClaveMaestraListo

.text.twi_init  0x0000000000001a2c       0x28
 .text.twi_init
                0x0000000000001a2c       0x28 twi.o
                0x0000000000001a2c                twi_init

.text.UI_Leds   0x0000000000001a54       0x26
 .text.UI_Leds  0x0000000000001a54       0x26 Mensajes.o
                0x0000000000001a54                UI_Leds

.text.mfrc522_read
                0x0000000000001a7a       0x26
 .text.mfrc522_read
                0x0000000000001a7a       0x26 RC522.o
                0x0000000000001a7a                mfrc522_read

.text.UI_Bienvenida
                0x0000000000001aa0       0x24
 .text.UI_Bienvenida
                0x0000000000001aa0       0x24 Mensajes.o
                0x0000000000001aa0                UI_Bienvenida

.text.UI_Cerrando
                0x0000000000001ac4       0x24
 .text.UI_Cerrando
                0x0000000000001ac4       0x24 Mensajes.o
                0x0000000000001ac4                UI_Cerrando

.text.UI_SinTarjetaPrevia
                0x0000000000001ae8       0x24
 .text.UI_SinTarjetaPrevia
                0x0000000000001ae8       0x24 Mensajes.o
                0x0000000000001ae8                UI_SinTarjetaPrevia

.text.UI_BorrarRequiereNueva
                0x0000000000001b0c       0x24
 .text.UI_BorrarRequiereNueva
                0x0000000000001b0c       0x24 Mensajes.o
                0x0000000000001b0c                UI_BorrarRequiereNueva

.text.UI_TarjetaAgregadaOK
                0x0000000000001b30       0x24
 .text.UI_TarjetaAgregadaOK
                0x0000000000001b30       0x24 Mensajes.o
                0x0000000000001b30                UI_TarjetaAgregadaOK

.text.UI_TarjetaBorradaOK
                0x0000000000001b54       0x24
 .text.UI_TarjetaBorradaOK
                0x0000000000001b54       0x24 Mensajes.o
                0x0000000000001b54                UI_TarjetaBorradaOK

.text.UI_ErrorAgregando
                0x0000000000001b78       0x24
 .text.UI_ErrorAgregando
                0x0000000000001b78       0x24 Mensajes.o
                0x0000000000001b78                UI_ErrorAgregando

.text.UI_ResetCancelado
                0x0000000000001b9c       0x24
 .text.UI_ResetCancelado
                0x0000000000001b9c       0x24 Mensajes.o
                0x0000000000001b9c                UI_ResetCancelado

.text.UI_ResetCompletado
                0x0000000000001bc0       0x24
 .text.UI_ResetCompletado
                0x0000000000001bc0       0x24 Mensajes.o
                0x0000000000001bc0                UI_ResetCompletado

.text.avrlibc   0x0000000000001be4       0x24
 .text.avrlibc  0x0000000000001be4       0x24 C:/Program Files (x86)/Atmel/Studio/7.0/Packs/Atmel/ATmega_DFP/2.1.506/xc8/avr/lib/avr5/memx-const\libatmega328p.a(eeupd_byte.o)
                0x0000000000001be4                eeprom_update_byte
                0x0000000000001be6                eeprom_update_r18

.text.UI_BeepOK
                0x0000000000001c08       0x20
 .text.UI_BeepOK
                0x0000000000001c08       0x20 Mensajes.o
                0x0000000000001c08                UI_BeepOK

.text.Accesos_Cantidad
                0x0000000000001c28       0x1e
 .text.Accesos_Cantidad
                0x0000000000001c28       0x1e EEPROM.o
                0x0000000000001c28                Accesos_Cantidad

.text.mfrc522_clearBitMask
                0x0000000000001c46       0x1e
 .text.mfrc522_clearBitMask
                0x0000000000001c46       0x1e RC522.o
                0x0000000000001c46                mfrc522_clearBitMask

.text.twi_write_cmd
                0x0000000000001c64       0x1e
 .text.twi_write_cmd
                0x0000000000001c64       0x1e twi.o
                0x0000000000001c64                twi_write_cmd

.text.twi_write_dwr
                0x0000000000001c82       0x1e
 .text.twi_write_dwr
                0x0000000000001c82       0x1e twi.o
                0x0000000000001c82                twi_write_dwr

.text.PCF8574_write
                0x0000000000001ca0       0x1c
 .text.PCF8574_write
                0x0000000000001ca0       0x1c Mensajes.o
                0x0000000000001ca0                PCF8574_write

.text.twi_lcd_dwr
                0x0000000000001cbc       0x1c
 .text.twi_lcd_dwr
                0x0000000000001cbc       0x1c Mensajes.o
                0x0000000000001cbc                twi_lcd_dwr

.text.Uart_TomarComando
                0x0000000000001cd8       0x1c
 .text.Uart_TomarComando
                0x0000000000001cd8       0x1c Mensajes.o
                0x0000000000001cd8                Uart_TomarComando

.text.mfrc522_setBitMask
                0x0000000000001cf4       0x1c
 .text.mfrc522_setBitMask
                0x0000000000001cf4       0x1c RC522.o
                0x0000000000001cf4                mfrc522_setBitMask

.text.mfrc522_reset
                0x0000000000001d10       0x1c
 .text.mfrc522_reset
                0x0000000000001d10       0x1c RC522.o
                0x0000000000001d10                mfrc522_reset

.text.uartInicio
                0x0000000000001d2c       0x1c
 .text.uartInicio
                0x0000000000001d2c       0x1c UART.o
                0x0000000000001d2c                uartInicio

.text.avrlibc   0x0000000000001d48       0x1c
 .text.avrlibc  0x0000000000001d48       0x1c C:/Program Files (x86)/Atmel/Studio/7.0/Packs/Atmel/ATmega_DFP/2.1.506/xc8/avr/lib/avr5/memx-const\libatmega328p.a(eewr_byte.o)
                0x0000000000001d48                eeprom_write_byte
                0x0000000000001d4a                eeprom_write_r18

.text.twi_start
                0x0000000000001d64       0x1a
 .text.twi_start
                0x0000000000001d64       0x1a twi.o
                0x0000000000001d64                twi_start

.text.Accesos_GuardarCantidad
                0x0000000000001d7e       0x16
 .text.Accesos_GuardarCantidad
                0x0000000000001d7e       0x16 EEPROM.o
                0x0000000000001d7e                Accesos_GuardarCantidad

.text.LeerBloqueo
                0x0000000000001d94       0x16
 .text.LeerBloqueo
                0x0000000000001d94       0x16 EEPROM.o
                0x0000000000001d94                LeerBloqueo

.text.spi_init  0x0000000000001daa       0x16
 .text.spi_init
                0x0000000000001daa       0x16 SPI.o
                0x0000000000001daa                spi_init

.text.exit      0x0000000000001dc0       0x16
 .text.exit     0x0000000000001dc0       0x16 c:/program files/microchip/xc8/v2.36/avr/bin/../lib/gcc/avr/5.4.0/../../../../avr/lib/avr5/memx-const\libc.a(exit.o)
                0x0000000000001dc0                exit

.text.GuardarBloqueo
                0x0000000000001dd6       0x14
 .text.GuardarBloqueo
                0x0000000000001dd6       0x14 EEPROM.o
                0x0000000000001dd6                GuardarBloqueo

.text.UI_Acerque
                0x0000000000001dea       0x12
 .text.UI_Acerque
                0x0000000000001dea       0x12 Mensajes.o
                0x0000000000001dea                UI_Acerque

.text.UI_Bloqueada
                0x0000000000001dfc       0x12
 .text.UI_Bloqueada
                0x0000000000001dfc       0x12 Mensajes.o
                0x0000000000001dfc                UI_Bloqueada

.text.UI_CerraduraAbierta
                0x0000000000001e0e       0x12
 .text.UI_CerraduraAbierta
                0x0000000000001e0e       0x12 Mensajes.o
                0x0000000000001e0e                UI_CerraduraAbierta

.text.UI_MenuPrincipal
                0x0000000000001e20       0x12
 .text.UI_MenuPrincipal
                0x0000000000001e20       0x12 Mensajes.o
                0x0000000000001e20                UI_MenuPrincipal

.text.UI_PedirNuevaTarjeta
                0x0000000000001e32       0x12
 .text.UI_PedirNuevaTarjeta
                0x0000000000001e32       0x12 Mensajes.o
                0x0000000000001e32                UI_PedirNuevaTarjeta

.text.UI_ResetPregunta
                0x0000000000001e44       0x12
 .text.UI_ResetPregunta
                0x0000000000001e44       0x12 Mensajes.o
                0x0000000000001e44                UI_ResetPregunta

.text.avrlibc   0x0000000000001e56       0x12
 .text.avrlibc  0x0000000000001e56       0x12 C:/Program Files (x86)/Atmel/Studio/7.0/Packs/Atmel/ATmega_DFP/2.1.506/xc8/avr/lib/avr5/memx-const\libatmega328p.a(eerd_byte.o)
                0x0000000000001e56                eeprom_read_byte

.text.uartChar  0x0000000000001e68        0xe
 .text.uartChar
                0x0000000000001e68        0xe UART.o
                0x0000000000001e68                uartChar

.text.GuardarIntentos
                0x0000000000001e76        0xc
 .text.GuardarIntentos
                0x0000000000001e76        0xc EEPROM.o
                0x0000000000001e76                GuardarIntentos

.text.LeerIntentos
                0x0000000000001e82        0xc
 .text.LeerIntentos
                0x0000000000001e82        0xc EEPROM.o
                0x0000000000001e82                LeerIntentos

.text.Log_ClaveMaestraOK
                0x0000000000001e8e        0xc
 .text.Log_ClaveMaestraOK
                0x0000000000001e8e        0xc Mensajes.o
                0x0000000000001e8e                Log_ClaveMaestraOK

.text.Log_Bloqueada
                0x0000000000001e9a        0xc
 .text.Log_Bloqueada
                0x0000000000001e9a        0xc Mensajes.o
                0x0000000000001e9a                Log_Bloqueada

.text.Log_Cerrada
                0x0000000000001ea6        0xc
 .text.Log_Cerrada
                0x0000000000001ea6        0xc Mensajes.o
                0x0000000000001ea6                Log_Cerrada

.text.Log_TarjetaAgregadaOK
                0x0000000000001eb2        0xc
 .text.Log_TarjetaAgregadaOK
                0x0000000000001eb2        0xc Mensajes.o
                0x0000000000001eb2                Log_TarjetaAgregadaOK

.text.Log_TarjetaBorrada
                0x0000000000001ebe        0xc
 .text.Log_TarjetaBorrada
                0x0000000000001ebe        0xc Mensajes.o
                0x0000000000001ebe                Log_TarjetaBorrada

.text.Log_ErrorAgregando
                0x0000000000001eca        0xc
 .text.Log_ErrorAgregando
                0x0000000000001eca        0xc Mensajes.o
                0x0000000000001eca                Log_ErrorAgregando

.text.Log_AccesoConcedido
                0x0000000000001ed6        0xc
 .text.Log_AccesoConcedido
                0x0000000000001ed6        0xc Mensajes.o
                0x0000000000001ed6                Log_AccesoConcedido

.text.Log_BloqueadaPorIntentos
                0x0000000000001ee2        0xc
 .text.Log_BloqueadaPorIntentos
                0x0000000000001ee2        0xc Mensajes.o
                0x0000000000001ee2                Log_BloqueadaPorIntentos

.text.Log_CerraduraAbierta
                0x0000000000001eee        0xc
 .text.Log_CerraduraAbierta
                0x0000000000001eee        0xc Mensajes.o
                0x0000000000001eee                Log_CerraduraAbierta

.text.Log_ResetCompletado
                0x0000000000001efa        0xc
 .text.Log_ResetCompletado
                0x0000000000001efa        0xc Mensajes.o
                0x0000000000001efa                Log_ResetCompletado

.text.Log_ResetCancelado
                0x0000000000001f06        0xc
 .text.Log_ResetCancelado
                0x0000000000001f06        0xc Mensajes.o
                0x0000000000001f06                Log_ResetCancelado

.text.spi_transfer
                0x0000000000001f12        0xc
 .text.spi_transfer
                0x0000000000001f12        0xc SPI.o
                0x0000000000001f12                spi_transfer

.text.twi_lcd_clear
                0x0000000000001f1e        0x8
 .text.twi_lcd_clear
                0x0000000000001f1e        0x8 Mensajes.o
                0x0000000000001f1e                twi_lcd_clear

.text.twi_stop  0x0000000000001f26        0x8
 .text.twi_stop
                0x0000000000001f26        0x8 twi.o
                0x0000000000001f26                twi_stop

.text.Uart_InyectarComando
                0x0000000000001f2e        0x6
 .text.Uart_InyectarComando
                0x0000000000001f2e        0x6 Mensajes.o
                0x0000000000001f2e                Uart_InyectarComando

.text           0x0000000000001f34        0x4
 .text          0x0000000000001f34        0x4 C:/Program Files (x86)/Atmel/Studio/7.0/Packs/Atmel/ATmega_DFP/2.1.506/xc8/avr/lib/avr5/memx-const/crtatmega328p.o
                0x0000000000001f34                __vector_22
                0x0000000000001f34                __vector_1
                0x0000000000001f34                __vector_24
                0x0000000000001f34                __vector_12
                0x0000000000001f34                __bad_interrupt
                0x0000000000001f34                __vector_6
                0x0000000000001f34                __vector_3
                0x0000000000001f34                __vector_23
                0x0000000000001f34                __vector_25
                0x0000000000001f34                __vector_11
                0x0000000000001f34                __vector_13
                0x0000000000001f34                __vector_17
                0x0000000000001f34                __vector_19
                0x0000000000001f34                __vector_7
                0x0000000000001f34                __vector_5
                0x0000000000001f34                __vector_4
                0x0000000000001f34                __vector_9
                0x0000000000001f34                __vector_2
                0x0000000000001f34                __vector_21
                0x0000000000001f34                __vector_15
                0x0000000000001f34                __vector_8
                0x0000000000001f34                __vector_14
                0x0000000000001f34                __vector_10
                0x0000000000001f34                __vector_16
                0x0000000000001f34                __vector_18
                0x0000000000001f34                __vector_20

.text._Exit     0x0000000000001f38        0x4
 .text._Exit    0x0000000000001f38        0x4 c:/program files/microchip/xc8/v2.36/avr/bin/../lib/gcc/avr/5.4.0/../../../../avr/lib/avr5/memx-const\libc.a(_Exit.o)
                0x0000000000001f38                _Exit

.text.__dummy_fini
                0x0000000000001f3c        0x2
 .text.__dummy_fini
                0x0000000000001f3c        0x2 c:/program files/microchip/xc8/v2.36/avr/bin/../lib/gcc/avr/5.4.0/../../../../avr/lib/avr5/memx-const\libc.a(exit.o)
                0x0000000000001f3c                _fini

.text.__dummy_funcs_on_exit
                0x0000000000001f3e        0x2
 .text.__dummy_funcs_on_exit
                0x0000000000001f3e        0x2 c:/program files/microchip/xc8/v2.36/avr/bin/../lib/gcc/avr/5.4.0/../../../../avr/lib/avr5/memx-const\libc.a(exit.o)
                0x0000000000001f3e                __funcs_on_exit

.text.__dummy_simulator_exit
                0x0000000000001f40        0x2
 .text.__dummy_simulator_exit
                0x0000000000001f40        0x2 c:/program files/microchip/xc8/v2.36/avr/bin/../lib/gcc/avr/5.4.0/../../../../avr/lib/avr5/memx-const\libc.a(exit.o)
                0x0000000000001f40                __simulator_exit
